---
source: crates/papyrus/src/parser.rs
expression: parse_to_tree(yul)
---
AST
