---
source: src/parser.rs
assertion_line: 361
expression: "parse_to_tree(\"let x := add(1,2)\")"

---
AST
└╼ declare - x:u32
  └╼ add(u32, u32): u32
    ├╼ 1:u32
    └╼ 2:u32
