---
source: src/parser.rs
assertion_line: 356
expression: "parse_to_tree(\"add(1,2)\")"

---
AST
└╼ add(unknown, unknown): unknown
  ├╼ 1:unknown
  └╼ 2:unknown
