---
source: src/parser.rs
assertion_line: 220
expression: "parse_to_tree(\"let x := 1\n            let y := 2\")"

---
AST
├╼ declare - x
│ └╼ 1
└╼ declare - y
  └╼ 2
